// Jest Snapshot v1, https://goo.gl/fbAQLP

exports[`testing Table component rendering should render table component not configured properly msg, without any props  1`] = `
<p>
  Could not display table, please try again later
</p>
`;

exports[`testing Table component rendering should render table component when configured properly  1`] = `
<div
  aria-label="table"
  className="table"
  role="table"
>
  <Header
    headerCells={
      Array [
        Object {
          "label": "columnHeader",
        },
      ]
    }
    pageName="someName"
  />
  <section
    aria-label="table body"
    className="tableBody"
  >
    <Row
      pageName="someName"
      rowCells={
        Array [
          Object {
            "cellValue": "hello world",
            "uniqueRowId": 2,
          },
        ]
      }
      withActions={true}
    />
    <Row
      pageName="someName"
      rowCells={
        Array [
          Object {
            "cellValue": "hello world2",
            "uniqueRowId": 4,
          },
        ]
      }
      withActions={true}
    />
  </section>
</div>
`;
